Y:Term \|-> (.*?)\s+Z:Term |-> cons \( a \(  \), \1 \)
