\QL:Term |-> cons ( c, cons ( b, cons ( a, nil ) ) )\E
