\QL:Term |-> cons ( c, cons ( X:Term, cons ( a, nil ) ) )\E\s+\QT:Term |-> cons ( a,\E\s*\Qcons ( X, cons ( c, nil ) ) )\E\s+\QX:Term |-> X\E
