A:Term \|-> C:Term\s+B:Term \|-> B:Term\s+C:Term \|-> C
