
<result>
 closure-lambda( (Map2KLabel x |-> 1) , y , (x  y) )
</result>
