
<result>
 closure-lambda( (Map2KLabel f |-> 0) , y , (f  y) )
</result>
