
<result>
 closure-lambda( (Map2KLabel 
    f00 |-> 0
    f01 |-> 1
    f02 |-> 2
    f03 |-> 3
    f04 |-> 4
    f05 |-> 5) , x , (f05  (f05  x)) )
</result>
