
<result>
 closure-lambda( (Map2KLabel .) , x , (x  x) )
</result>
