Search results:

Solution 1:
V:K -->
#symType(5) = (bool) ~> #symType(4) = #symType(3) ~> #symType(4) ~> (#symType(
  2) -> HOLE) ~> (HOLE (#symType(1) -> #symType(1)))
