Search results:

Solution 1:
V:K -->
(#symType(2) -> #symType(3)) = ((#symType(1) -> #symType(1)) -> #symType(4))
   ~> #symType(4)
