Search results:

Solution 1:
V:K -->
(#symType(53) -> (#symType(69) -> (#symType(68) -> (#symType(67) -> (#symType(
  66) -> (#symType(65) -> (#symType(64) -> (#symType(63) -> (#symType(62) -> (
  #symType(61) -> (#symType(60) -> (#symType(59) -> (#symType(58) -> (#symType
  (57) -> (#symType(56) -> (#symType(55) -> (#symType(54) -> #symType(53))))))
  ))))))))))))
