Search results:

Solution 1:
V:K -->
(#symType(5) -> #symType(5))
