<k>
    V:Int{ foo()} ~> foo ::A{ bar()} ~> V ~> V ::K{ baz()}
</k>
