Search results:

Solution 1:
L:List -->
ListItem(#buffer ( "1" ))

Solution 2:
L:List -->
ListItem(#buffer ( "117" ))
