Top x is 1
Nested x is 2
Inner x is 7
Inner x is 7
Inner x is 7
Inner x is 7
Inner x is 7
Inner x is 7
Inner x is 7
Inner x is 7
Nested x is 11
Top x is 1
