Add numbers up to (<= 0 to quit)? Sum = 1
Add numbers up to (<= 0 to quit)? Sum = 120
Add numbers up to (<= 0 to quit)? Sum = 528
Add numbers up to (<= 0 to quit)? Sum = 2556
Add numbers up to (<= 0 to quit)? 