isKResult\((.*):Sort\) ~\> (?!(\1)).*:KResult ==K \1
