Search results:

Solution 1:
V:K -->
x ~> HOLE ~> 2, HOLE ~> assignTo ( x, y , HOLE ) ~> y ~> env ( .Map )
