<T>
    <tasks>
        .Bag
    </tasks>
    <gtenv>
        collatz |-> ((int) -> (void))
        main |-> ((void) -> (void))
    </gtenv>
</T>
