<T>
    <tasks>
        .Bag
    </tasks>
    <gtenv>
        f |-> ((void) -> (void))
        g |-> ((void) -> (void))
        main |-> ((void) -> (void))
        x |-> (int)
        y |-> (int)
        z |-> (int)
    </gtenv>
</T>
