<T>
    <tasks>
        .Bag
    </tasks>
    <gtenv>
        i |-> (int)
        main |-> ((void) -> (void))
    </gtenv>
</T>
