<T>
    <tasks>
        .Bag
    </tasks>
    <gtenv>
        factorial |-> ((int) -> (int))
        main |-> ((void) -> (void))
    </gtenv>
</T>
