<T>
    <tasks>
        .Bag
    </tasks>
    <gtenv>
        app0 |-> (((void) -> (void)) -> (void))
        app1 |-> (((void) -> (int)) -> (int))
        app2 |-> (((int) -> (int)), (int) -> (int))
        a |-> ((int) [ ])
        double |-> ((int) -> (int))
        hodouble |-> ((void) -> ((int) -> (int)))
        hoid |-> ((void) -> ((int) -> (int)))
        hoincx |-> ((void) -> ((void) -> (void)))
        hozero |-> ((void) -> ((void) -> (int)))
        id0 |-> (((void) -> (void)) -> ((void) -> (void)))
        id1 |-> (((void) -> (int)) -> ((void) -> (int)))
        id2 |-> (((int) -> (int)) -> ((int) -> (int)))
        id |-> ((int) -> (int))
        incx |-> ((void) -> (void))
        main |-> ((void) -> (void))
        map |-> (((int) -> (int)), ((int) [ ]) -> (void))
        printall |-> ((void) -> (void))
        x |-> (int)
        zero |-> ((void) -> (int))
    </gtenv>
</T>
