<k>
    0
</k>
<map>
    0 |-> <value>
        0
    </value>
    1 |-> <value>
        0
    </value>
</map>
