<k>
    foo ( true , '`(`) , x ,  )
</k>
<in>
    ListItem(#buffer ( "" ))
    ListItem(#istream ( 0 ))
</in>
