<k>
    0
</k>
<list>
    ListItem(<element>
        0
    </element>)
</list>
