\Q< k > 'b(.KList) </ k >\E
\Qrewrites: 1 (100%)\E
