<k>
    <generatedTop>
        <k>
            #noparse ~> GeneratedFreshVar0:K
        </k>
        GeneratedFreshVar1:Bag
    </generatedTop>
</k>
