ok<k>
    ` a
</k>
<out>
    ListItem(#ostream ( 1 ))
    ListItem(#buffer ( "" ))
</out>
