Search results:

Solution 1:
Fresh:K -->
17
L:List -->
#buffer ( "X |-> _0;  L |-> [c, _0, a];  " )
