<k>
    V:Int{foo} ~> foo ::A{bar} ~> V ~> V ~> GeneratedFreshVar0:K ::K{baz}
</k>
GeneratedFreshVar1:Bag
